      0.0000    1.0000000000    0.0000000000    1.0000000000    0.0000000000
      3.0000    0.8522518563    0.0686866456    0.7424482429    0.0411169678
      6.0000    1.0603381924   -0.0471475165    1.1411136606   -0.0336279517
      9.0000    1.1477714633   -0.1945437471    1.3834614105   -0.0411462001
     12.0000    0.9204589180    0.0400674892    0.8539600095    0.0264314193
     15.0000    0.9146053086    0.0715761700    0.8437223025   -0.0006931639
