      0.0000   -77.54086   -77.93689   -77.55359   -77.34545
      3.0000   -77.55518   -77.93973   -77.55653   -77.34826
      6.0000   -77.53522   -77.94359   -77.56053   -77.35218
      9.0000   -77.50384   -77.94816   -77.56528   -77.35683
     12.0000   -77.54721   -77.95334   -77.57068   -77.36216
     15.0000   -77.56744   -77.95898   -77.57656   -77.36797
